[0.070s] DEBUG:colcon:Command line arguments: ['/usr/bin/colcon', 'list', '-p', '--base-paths', '/home/faisal-mazloum/ROS2swarm/src', '--log-base', '/dev/null']
[0.070s] DEBUG:colcon:Parsed command line arguments: Namespace(log_base=None, log_level=None, verb_name='list', build_base='build', ignore_user_meta=False, metas=['./colcon.meta'], base_paths=['/home/faisal-mazloum/ROS2swarm/src', '--log-base', '/dev/null'], packages_ignore=None, packages_ignore_regex=None, paths=None, packages_up_to=None, packages_up_to_regex=None, packages_above=None, packages_above_and_dependencies=None, packages_above_depth=None, packages_select_by_dep=None, packages_skip_by_dep=None, packages_skip_up_to=None, packages_select_build_failed=False, packages_skip_build_finished=False, packages_select_test_failures=False, packages_skip_test_passed=False, packages_select=None, packages_skip=None, packages_select_regex=None, packages_skip_regex=None, packages_start=None, packages_end=None, allow_overriding=[], topological_order=False, names_only=False, paths_only=True, topological_graph=False, topological_graph_dot=False, topological_graph_density=False, topological_graph_legend=False, topological_graph_dot_cluster=False, topological_graph_dot_include_skipped=False, mixin_files=None, mixin=None, verb_parser=<colcon_mixin.mixin.mixin_argument.MixinArgumentDecorator object at 0x7878430dc440>, verb_extension=<colcon_package_information.verb.list.ListVerb object at 0x787843c02990>, main=<bound method ListVerb.main of <colcon_package_information.verb.list.ListVerb object at 0x787843c02990>>, mixin_verb=('list',))
[0.098s] Level 1:colcon.colcon_core.package_discovery:discover_packages(colcon_meta) check parameters
[0.098s] Level 1:colcon.colcon_core.package_discovery:discover_packages(recursive) check parameters
[0.098s] Level 1:colcon.colcon_core.package_discovery:discover_packages(ignore) check parameters
[0.098s] Level 1:colcon.colcon_core.package_discovery:discover_packages(path) check parameters
[0.098s] Level 1:colcon.colcon_core.package_discovery:discover_packages(recursive) discover
[0.098s] INFO:colcon.colcon_core.package_discovery:Crawling recursively for packages in '/home/faisal-mazloum/ROS2swarm/src', '/home/faisal-mazloum/ROS2swarm/src/--log-base', '/dev/null'
[0.098s] Level 1:colcon.colcon_core.package_identification:_identify(/home/faisal-mazloum/ROS2swarm/src) by extensions ['ignore', 'ignore_ament_install']
[0.099s] Level 1:colcon.colcon_core.package_identification:_identify(/home/faisal-mazloum/ROS2swarm/src) by extension 'ignore'
[0.099s] Level 1:colcon.colcon_core.package_identification:_identify(/home/faisal-mazloum/ROS2swarm/src) by extension 'ignore_ament_install'
[0.099s] Level 1:colcon.colcon_core.package_identification:_identify(/home/faisal-mazloum/ROS2swarm/src) by extensions ['colcon_pkg']
[0.099s] Level 1:colcon.colcon_core.package_identification:_identify(/home/faisal-mazloum/ROS2swarm/src) by extension 'colcon_pkg'
[0.099s] Level 1:colcon.colcon_core.package_identification:_identify(/home/faisal-mazloum/ROS2swarm/src) by extensions ['colcon_meta']
[0.099s] Level 1:colcon.colcon_core.package_identification:_identify(/home/faisal-mazloum/ROS2swarm/src) by extension 'colcon_meta'
[0.099s] Level 1:colcon.colcon_core.package_identification:_identify(/home/faisal-mazloum/ROS2swarm/src) by extensions ['ros']
[0.099s] Level 1:colcon.colcon_core.package_identification:_identify(/home/faisal-mazloum/ROS2swarm/src) by extension 'ros'
[0.119s] Level 1:colcon.colcon_core.package_identification:_identify(/home/faisal-mazloum/ROS2swarm/src) by extensions ['cmake', 'python']
[0.119s] Level 1:colcon.colcon_core.package_identification:_identify(/home/faisal-mazloum/ROS2swarm/src) by extension 'cmake'
[0.119s] Level 1:colcon.colcon_core.package_identification:_identify(/home/faisal-mazloum/ROS2swarm/src) by extension 'python'
[0.119s] Level 1:colcon.colcon_core.package_identification:_identify(/home/faisal-mazloum/ROS2swarm/src) by extensions ['python_setup_py']
[0.119s] Level 1:colcon.colcon_core.package_identification:_identify(/home/faisal-mazloum/ROS2swarm/src) by extension 'python_setup_py'
[0.119s] Level 1:colcon.colcon_core.package_identification:_identify(/home/faisal-mazloum/ROS2swarm/src/communication_interfaces) by extensions ['ignore', 'ignore_ament_install']
[0.119s] Level 1:colcon.colcon_core.package_identification:_identify(/home/faisal-mazloum/ROS2swarm/src/communication_interfaces) by extension 'ignore'
[0.119s] Level 1:colcon.colcon_core.package_identification:_identify(/home/faisal-mazloum/ROS2swarm/src/communication_interfaces) by extension 'ignore_ament_install'
[0.119s] Level 1:colcon.colcon_core.package_identification:_identify(/home/faisal-mazloum/ROS2swarm/src/communication_interfaces) by extensions ['colcon_pkg']
[0.119s] Level 1:colcon.colcon_core.package_identification:_identify(/home/faisal-mazloum/ROS2swarm/src/communication_interfaces) by extension 'colcon_pkg'
[0.119s] Level 1:colcon.colcon_core.package_identification:_identify(/home/faisal-mazloum/ROS2swarm/src/communication_interfaces) by extensions ['colcon_meta']
[0.119s] Level 1:colcon.colcon_core.package_identification:_identify(/home/faisal-mazloum/ROS2swarm/src/communication_interfaces) by extension 'colcon_meta'
[0.119s] Level 1:colcon.colcon_core.package_identification:_identify(/home/faisal-mazloum/ROS2swarm/src/communication_interfaces) by extensions ['ros']
[0.119s] Level 1:colcon.colcon_core.package_identification:_identify(/home/faisal-mazloum/ROS2swarm/src/communication_interfaces) by extension 'ros'
[0.122s] DEBUG:colcon.colcon_core.package_identification:Package '/home/faisal-mazloum/ROS2swarm/src/communication_interfaces' with type 'ros.ament_cmake' and name 'communication_interfaces'
[0.122s] Level 1:colcon.colcon_core.package_identification:_identify(/home/faisal-mazloum/ROS2swarm/src/launch_gazebo) by extensions ['ignore', 'ignore_ament_install']
[0.122s] Level 1:colcon.colcon_core.package_identification:_identify(/home/faisal-mazloum/ROS2swarm/src/launch_gazebo) by extension 'ignore'
[0.122s] Level 1:colcon.colcon_core.package_identification:_identify(/home/faisal-mazloum/ROS2swarm/src/launch_gazebo) by extension 'ignore_ament_install'
[0.122s] Level 1:colcon.colcon_core.package_identification:_identify(/home/faisal-mazloum/ROS2swarm/src/launch_gazebo) by extensions ['colcon_pkg']
[0.122s] Level 1:colcon.colcon_core.package_identification:_identify(/home/faisal-mazloum/ROS2swarm/src/launch_gazebo) by extension 'colcon_pkg'
[0.122s] Level 1:colcon.colcon_core.package_identification:_identify(/home/faisal-mazloum/ROS2swarm/src/launch_gazebo) by extensions ['colcon_meta']
[0.122s] Level 1:colcon.colcon_core.package_identification:_identify(/home/faisal-mazloum/ROS2swarm/src/launch_gazebo) by extension 'colcon_meta'
[0.122s] Level 1:colcon.colcon_core.package_identification:_identify(/home/faisal-mazloum/ROS2swarm/src/launch_gazebo) by extensions ['ros']
[0.122s] Level 1:colcon.colcon_core.package_identification:_identify(/home/faisal-mazloum/ROS2swarm/src/launch_gazebo) by extension 'ros'
[0.123s] DEBUG:colcon.colcon_core.package_identification:Package '/home/faisal-mazloum/ROS2swarm/src/launch_gazebo' with type 'ros.ament_python' and name 'launch_gazebo'
[0.123s] Level 1:colcon.colcon_core.package_identification:_identify(/home/faisal-mazloum/ROS2swarm/src/log) by extensions ['ignore', 'ignore_ament_install']
[0.123s] Level 1:colcon.colcon_core.package_identification:_identify(/home/faisal-mazloum/ROS2swarm/src/log) by extension 'ignore'
[0.123s] Level 1:colcon.colcon_core.package_identification:_identify(/home/faisal-mazloum/ROS2swarm/src/log) ignored
[0.123s] Level 1:colcon.colcon_core.package_identification:_identify(/home/faisal-mazloum/ROS2swarm/src/ros2swarm) by extensions ['ignore', 'ignore_ament_install']
[0.123s] Level 1:colcon.colcon_core.package_identification:_identify(/home/faisal-mazloum/ROS2swarm/src/ros2swarm) by extension 'ignore'
[0.123s] Level 1:colcon.colcon_core.package_identification:_identify(/home/faisal-mazloum/ROS2swarm/src/ros2swarm) by extension 'ignore_ament_install'
[0.123s] Level 1:colcon.colcon_core.package_identification:_identify(/home/faisal-mazloum/ROS2swarm/src/ros2swarm) by extensions ['colcon_pkg']
[0.123s] Level 1:colcon.colcon_core.package_identification:_identify(/home/faisal-mazloum/ROS2swarm/src/ros2swarm) by extension 'colcon_pkg'
[0.123s] Level 1:colcon.colcon_core.package_identification:_identify(/home/faisal-mazloum/ROS2swarm/src/ros2swarm) by extensions ['colcon_meta']
[0.123s] Level 1:colcon.colcon_core.package_identification:_identify(/home/faisal-mazloum/ROS2swarm/src/ros2swarm) by extension 'colcon_meta'
[0.123s] Level 1:colcon.colcon_core.package_identification:_identify(/home/faisal-mazloum/ROS2swarm/src/ros2swarm) by extensions ['ros']
[0.123s] Level 1:colcon.colcon_core.package_identification:_identify(/home/faisal-mazloum/ROS2swarm/src/ros2swarm) by extension 'ros'
[0.123s] DEBUG:colcon.colcon_core.package_identification:Package '/home/faisal-mazloum/ROS2swarm/src/ros2swarm' with type 'ros.ament_python' and name 'ros2swarm'
[0.123s] Level 1:colcon.colcon_core.package_discovery:discover_packages(recursive) using defaults
